node.exe : npm verbose cli C:\Program 
Files\nodejs\node.exe C:\Program 
Files\nodejs\node_modules\npm\bin\npm-cli.js
En línea: 1 Carácter: 1
+ & "C:\Program Files\nodejs/node.exe" "C:\Program 
Files\nodejs/node_mo ...
+ ~~~~~~~~~~~~~~~~~~~~~~~~~~~~~~~~~~~~~~~~~~~~~~~~~~~~~~
~~~~~~~~~~~~~~~
    + CategoryInfo          : NotSpecified: (npm verbos 
   e cli...\bin\npm-cli.js:String) [], RemoteException
    + FullyQualifiedErrorId : NativeCommandError
 
npm info using npm@11.9.0
npm info using node@v24.14.0
npm verbose title npm run build:local
npm verbose argv "run" "build:local" "--loglevel" 
"verbose"
npm verbose logfile logs-max:10 dir:C:\Users\PC\AppData\
Local\npm-cache\_logs\2026-04-08T05_05_33_480Z-
npm verbose logfile C:\Users\PC\AppData\Local\npm-cache\
_logs\2026-04-08T05_05_33_480Z-debug-0.log

> react-example@0.0.0 build:local
> npm run build:web && npm run build:server

npm verbose cli C:\Program Files\nodejs\node.exe 
C:\Program Files\nodejs\node_modules\npm\bin\npm-cli.js
npm info using npm@11.9.0
npm info using node@v24.14.0
npm verbose title npm run build:web
npm verbose argv "run" "build:web"
npm verbose logfile logs-max:10 dir:C:\Users\PC\AppData\
Local\npm-cache\_logs\2026-04-08T05_05_33_865Z-
npm verbose logfile C:\Users\PC\AppData\Local\npm-cache\
_logs\2026-04-08T05_05_33_865Z-debug-0.log

> react-example@0.0.0 build:web
> vite build --emptyOutDir

[36mvite v6.4.1 [32mbuilding for production...[36m[39m
transforming...
[32mÔ£ô[39m 120 modules transformed.
[31mÔ£ù[39m Build failed in 1.59s
[31merror during build:
[31m[vite]: Rollup failed to resolve import 
"socket.io-client" from "C:/Users/PC/Downloads/polic.ia/
src/frontend/views/Dashboard.tsx".
This is most likely unintended because it can break 
your application at runtime.
If you do want to externalize this module explicitly 
add it to
`build.rollupOptions.external`[31m
    at viteLog (file:///C:/Users/PC/Downloads/polic.ia/n
ode_modules/.pnpm/vite@6.4.1_@types+node@22.1_8a7b10218f
dbaa606370c526a776c56f/node_modules/vite/dist/node/chunk
s/dep-D4NMHUTW.js:46374:15)
    at file:///C:/Users/PC/Downloads/polic.ia/node_modul
es/.pnpm/vite@6.4.1_@types+node@22.1_8a7b10218fdbaa60637
0c526a776c56f/node_modules/vite/dist/node/chunks/dep-D4N
MHUTW.js:46432:18
    at onwarn (file:///C:/Users/PC/Downloads/polic.ia/no
de_modules/.pnpm/@vitejs+plugin-react@5.2.0__acb3aa31521
866e957209ac06dfeb79f/node_modules/@vitejs/plugin-react/
dist/index.js:76:7)
    at file:///C:/Users/PC/Downloads/polic.ia/node_modul
es/.pnpm/vite@6.4.1_@types+node@22.1_8a7b10218fdbaa60637
0c526a776c56f/node_modules/vite/dist/node/chunks/dep-D4N
MHUTW.js:46430:7
    at onRollupLog (file:///C:/Users/PC/Downloads/polic.
ia/node_modules/.pnpm/vite@6.4.1_@types+node@22.1_8a7b10
218fdbaa606370c526a776c56f/node_modules/vite/dist/node/c
hunks/dep-D4NMHUTW.js:46422:5)
    at onLog (file:///C:/Users/PC/Downloads/polic.ia/nod
e_modules/.pnpm/vite@6.4.1_@types+node@22.1_8a7b10218fdb
aa606370c526a776c56f/node_modules/vite/dist/node/chunks/
dep-D4NMHUTW.js:46072:7)
    at file:///C:/Users/PC/Downloads/polic.ia/node_modul
es/.pnpm/rollup@4.60.0/node_modules/rollup/dist/es/share
d/node-entry.js:21028:32
    at Object.logger [as onLog] (file:///C:/Users/PC/Dow
nloads/polic.ia/node_modules/.pnpm/rollup@4.60.0/node_mo
dules/rollup/dist/es/shared/node-entry.js:23023:9)
    at ModuleLoader.handleInvalidResolvedId (file:///C:/
Users/PC/Downloads/polic.ia/node_modules/.pnpm/rollup@4.
60.0/node_modules/rollup/dist/es/shared/node-entry.js:21
767:26)
    at ModuleLoader.resolveDynamicImport (file:///C:/Use
rs/PC/Downloads/polic.ia/node_modules/.pnpm/rollup@4.60.
0/node_modules/rollup/dist/es/shared/node-entry.js:21825
:58)[39m
npm verbose cwd C:\Users\PC\Downloads\polic.ia
npm verbose os Windows_NT 10.0.26200
npm verbose node v24.14.0
npm verbose npm  v11.9.0
npm verbose exit 1
npm verbose code 1
npm verbose cwd C:\Users\PC\Downloads\polic.ia
npm verbose os Windows_NT 10.0.26200
npm verbose node v24.14.0
npm verbose npm  v11.9.0
npm verbose exit 1
npm verbose code 1
